// Jest Snapshot v1, https://goo.gl/fbAQLP

exports[`components/PasswordResetForm should match snapshot 1`] = `
<div
  className="col-sm-12"
>
  <div
    className="signup-team__container reset-password"
  >
    <WomanWithLockSvg />
    <MemoizedFormattedMessage
      defaultMessage="Create a new password"
      id="password_form.title"
      tagName="h1"
    />
    <form
      onSubmit={[Function]}
    >
      <p>
        <MemoizedFormattedMessage
          defaultMessage="Enter a new password for your {siteName} account below."
          id="password_form.enter"
          values={
            Object {
              "siteName": "Mattermost",
            }
          }
        />
        <br />
        Must be 5-72 characters long.
      </p>
      <div
        className="input-line"
      >
        <div
          className="form-group"
        >
          <BrandedInput>
            <ForwardRef
              autoFocus={true}
              className="form-control"
              data-testid="resetPasswordInput"
              id="resetPasswordInput"
              inputSize="large"
              name="password"
              onChange={[Function]}
              placeholder="New password"
              spellCheck="false"
              type="password"
              value=""
            />
          </BrandedInput>
        </div>
        <BrandedButton>
          <button
            className="btn btn-primary"
            id="resetPasswordButton"
            type="submit"
          >
            <MemoizedFormattedMessage
              defaultMessage="Save password"
              id="password_form.change"
            />
          </button>
        </BrandedButton>
      </div>
    </form>
  </div>
</div>
`;
